[html.meetup.templaza.net/index.html]
[backblue.gif]
[fade.gif]
[index.html]
[html.meetup.templaza.net/index-2.html]
[html.meetup.templaza.net/images/logo.png]
[html.meetup.templaza.net/images/slider-1.jpg]
[html.meetup.templaza.net/images/slider-2.jpg]
[html.meetup.templaza.net/images/slider-3.jpg]
[html.meetup.templaza.net/images/about-1.jpg]
[html.meetup.templaza.net/images/about-2.jpg]
[html.meetup.templaza.net/images/about-3.jpg]
[html.meetup.templaza.net/images/line-text1.jpg]
[html.meetup.templaza.net/images/bk-video-2.jpg]
[html.meetup.templaza.net/images/slider-client-1.jpg]
[html.meetup.templaza.net/images/slider-client-2.jpg]
[html.meetup.templaza.net/images/slider-client-3.jpg]
[html.meetup.templaza.net/images/line-2.png]
[html.meetup.templaza.net/images/under-line-white.png]
[html.meetup.templaza.net/images/our_team.jpg]
[html.meetup.templaza.net/images/our_team_squar.jpg]
[html.meetup.templaza.net/images/our_team3.jpg]
[html.meetup.templaza.net/images/our_team_squar_3.jpg]
[html.meetup.templaza.net/images/our_team4.jpg]
[html.meetup.templaza.net/images/our_team_squar_2.jpg]
[html.meetup.templaza.net/images/our_team2.jpg]
[html.meetup.templaza.net/images/our_team_squar_4.jpg]
[html.meetup.templaza.net/images/line-black-red.png]
[html.meetup.templaza.net/images/line-white-red.png]
[html.meetup.templaza.net/images/logo-meetup-1.png]
[html.meetup.templaza.net/images/logo-meetup-2.png]
[html.meetup.templaza.net/images/logo-meetup-3.png]
[html.meetup.templaza.net/images/logo-meetup-4.png]
[html.meetup.templaza.net/images/logo-meetup-5.png]
[html.meetup.templaza.net/images/logo-meetup-6.png]
[html.meetup.templaza.net/images/logo-meetup-7.png]
[html.meetup.templaza.net/images/logo-meetup-8.png]
[html.meetup.templaza.net/images/logo-meetup-9.png]
[html.meetup.templaza.net/images/logo-meetup-10.png]
[html.meetup.templaza.net/images/Meeting-2.jpg]
[html.meetup.templaza.net/detail-blog.html]
[html.meetup.templaza.net/images/Startup.jpg]
[html.meetup.templaza.net/slider-blog.html]
[html.meetup.templaza.net/images/people-office.jpg]
[html.meetup.templaza.net/video-blog.html]
[html.meetup.templaza.net/images/post-full-1jpg.jpg]
[html.meetup.templaza.net/audio-blog.html]
[html.meetup.templaza.net/blog.html]
[html.meetup.templaza.net/images/back_top_meetup.png]
[html.meetup.templaza.net/js/library/jquery.min.js]
[html.meetup.templaza.net/js/library/bootstrap.min.js]
[html.meetup.templaza.net/js/library/nav.js]
[html.meetup.templaza.net/js/one_page.js]
[html.meetup.templaza.net/js/library/jquery.bxslider.min.js]
[html.meetup.templaza.net/js/library/resize.js]
[html.meetup.templaza.net/js/library/jquery.countdown.min.js]
[html.meetup.templaza.net/js/library/jquery.fitvids.min.js]
[html.meetup.templaza.net/js/library/jquery.easy-opener.min.js]
[html.meetup.templaza.net/js/library/owl.carousel.min.js]
[html.meetup.templaza.net/js/library/classie.js]
[html.meetup.templaza.net/js/library/modalEffects.js]
[html.meetup.templaza.net/js/library/parallax.min.js]
[html.meetup.templaza.net/js/library/masonry.min.js]
[html.meetup.templaza.net/js/library/imagesloaded.pkgd.js]
[html.meetup.templaza.net/js/library/plusgallery_simple.js]
[html.meetup.templaza.net/js/library/jquery.prettyPhoto.js]
[html.meetup.templaza.net/js/gallery.js]
[html.meetup.templaza.net/js/custom.js]
[html.meetup.templaza.net/index.html]
[html.meetup.templaza.net/css/bootstrap.min.css]
[html.meetup.templaza.net/fonts/fontawesome-webfont3295.eot]
[html.meetup.templaza.net/fonts/fontawesome-webfontd41d.eot]
[html.meetup.templaza.net/fonts/fontawesome-webfont3295.woff2]
[html.meetup.templaza.net/fonts/fontawesome-webfont3295.woff]
[html.meetup.templaza.net/fonts/fontawesome-webfont3295.ttf]
[html.meetup.templaza.net/css/font-awesome.min.css]
[html.meetup.templaza.net/images/bx_loader.gif]
[html.meetup.templaza.net/images/controls.png]
[html.meetup.templaza.net/css/jquery.bxslider.css]
[html.meetup.templaza.net/css/owl.theme.default.min.css]
[html.meetup.templaza.net/css/owl.carousel.min.css]
[html.meetup.templaza.net/css/component.min.css]
[html.meetup.templaza.net/images/plusgallery/loading-albums.gif]
[html.meetup.templaza.net/images/plusgallery/loading-gallery.gif]
[html.meetup.templaza.net/images/plusgallery/80.png]
[html.meetup.templaza.net/images/plusgallery/arrows.gif]
[html.meetup.templaza.net/images/plusgallery/zoom-icons.gif]
[html.meetup.templaza.net/css/plusgallery.css]
[html.meetup.templaza.net/css/simple.css]
[html.meetup.templaza.net/images/prettyPhoto/default/sprite.png]
[html.meetup.templaza.net/images/prettyPhoto/default/sprite_x.png]
[html.meetup.templaza.net/images/prettyPhoto/default/sprite_y.png]
[html.meetup.templaza.net/images/prettyPhoto/default/sprite_next.png]
[html.meetup.templaza.net/images/prettyPhoto/default/sprite_prev.png]
[html.meetup.templaza.net/images/prettyPhoto/default/default_thumb.png]
[html.meetup.templaza.net/images/prettyPhoto/default/loader.gif]
[html.meetup.templaza.net/images/prettyPhoto/light_rounded/sprite.png]
[html.meetup.templaza.net/images/prettyPhoto/light_rounded/btnNext.png]
[html.meetup.templaza.net/images/prettyPhoto/light_rounded/btnPrevious.png]
[html.meetup.templaza.net/images/prettyPhoto/light_rounded/loader.gif]
[html.meetup.templaza.net/images/prettyPhoto/dark_rounded/sprite.png]
[html.meetup.templaza.net/images/prettyPhoto/dark_rounded/contentPattern.png]
[html.meetup.templaza.net/images/prettyPhoto/dark_rounded/btnNext.png]
[html.meetup.templaza.net/images/prettyPhoto/dark_rounded/btnPrevious.png]
[html.meetup.templaza.net/images/prettyPhoto/dark_rounded/loader.gif]
[html.meetup.templaza.net/images/prettyPhoto/dark_square/loader.gif]
[html.meetup.templaza.net/images/prettyPhoto/dark_square/sprite.png]
[html.meetup.templaza.net/images/prettyPhoto/dark_square/btnNext.png]
[html.meetup.templaza.net/images/prettyPhoto/dark_square/btnPrevious.png]
[html.meetup.templaza.net/images/prettyPhoto/light_square/sprite.png]
[html.meetup.templaza.net/images/prettyPhoto/light_square/btnNext.png]
[html.meetup.templaza.net/images/prettyPhoto/light_square/btnPrevious.png]
[html.meetup.templaza.net/images/prettyPhoto/facebook/sprite.png]
[html.meetup.templaza.net/images/prettyPhoto/facebook/contentPatternTop.png]
[html.meetup.templaza.net/images/prettyPhoto/facebook/contentPatternLeft.png]
[html.meetup.templaza.net/images/prettyPhoto/facebook/contentPatternRight.png]
[html.meetup.templaza.net/images/prettyPhoto/facebook/loader.gif]
[html.meetup.templaza.net/images/prettyPhoto/facebook/btnNext.png]
[html.meetup.templaza.net/images/prettyPhoto/facebook/btnPrevious.png]
[html.meetup.templaza.net/images/prettyPhoto/facebook/contentPatternBottom.png]
[html.meetup.templaza.net/images/prettyPhoto/facebook/default_thumbnail.gif]
[html.meetup.templaza.net/css/prettyPhoto.min.css]
[html.meetup.templaza.net/fonts/flexslider-icon.eot]
[html.meetup.templaza.net/fonts/flexslider-icond41d.eot]
[html.meetup.templaza.net/fonts/flexslider-icon.woff]
[html.meetup.templaza.net/fonts/flexslider-icon.ttf]
[html.meetup.templaza.net/images/sprites.png]
[html.meetup.templaza.net/images/bk-meetup.jpg]
[html.meetup.templaza.net/images/bk-meetup-2.jpg]
[html.meetup.templaza.net/images/bk-paralax-4.jpg]
[html.meetup.templaza.net/images/border-tw.png]
[html.meetup.templaza.net/images/bk-101.png]
[html.meetup.templaza.net/images/bk-paralax-8.jpg]
[html.meetup.templaza.net/images/price-pay.png]
[html.meetup.templaza.net/images/bk-images-31.jpg]
[html.meetup.templaza.net/images/breadcrumb_meetup.png]
[html.meetup.templaza.net/images/bg_down.png]
[html.meetup.templaza.net/style.css]
[html.meetup.templaza.net/index-2.html]
[html.meetup.templaza.net/images/phone.png]
[html.meetup.templaza.net/images/email_meetup.png]
[html.meetup.templaza.net/images/logo-2.png]
[html.meetup.templaza.net/home-header.html]
[html.meetup.templaza.net/speakers.html]
[html.meetup.templaza.net/blog-full-width.html]
[html.meetup.templaza.net/blog-masory.html]
[html.meetup.templaza.net/contact.html]
[html.meetup.templaza.net/typography.html]
[html.meetup.templaza.net/images/blog-masory/meeting-1.jpg]
[html.meetup.templaza.net/images/author.png]
[html.meetup.templaza.net/images/blog-masory/blog-5-1024x682.jpg]
[html.meetup.templaza.net/images/blog-masory/blog-meetup-6-1024x682.jpg]
[html.meetup.templaza.net/images/blog-masory/blog-quote-1024x576.jpg]
[html.meetup.templaza.net/images/hands-people-woman-meeting.jpg]
[html.meetup.templaza.net/images/avata_comment.jpg]
[farm2.staticflickr.com/1585/24934603150_bb9da58b85.jpg]
[farm2.staticflickr.com/1585/24934603150_bb9da58b85_s.jpg]
[farm2.staticflickr.com/1690/24158336521_35364e4bd4.jpg]
[farm2.staticflickr.com/1690/24158336521_35364e4bd4_s.jpg]
[farm2.staticflickr.com/1549/23313968663_2080190e0d.jpg]
[farm2.staticflickr.com/1549/23313968663_2080190e0d_s.jpg]
[farm6.staticflickr.com/5629/23535115489_c7d22cbb57.jpg]
[farm6.staticflickr.com/5629/23535115489_c7d22cbb57_s.jpg]
[farm1.staticflickr.com/733/23470095999_74e1a4fe71.jpg]
[farm1.staticflickr.com/733/23470095999_74e1a4fe71_s.jpg]
[farm6.staticflickr.com/5693/23251917722_610ba16322.jpg]
[farm6.staticflickr.com/5693/23251917722_610ba16322_s.jpg]
[farm6.staticflickr.com/5788/22672290890_26cf41cd24.jpg]
[farm6.staticflickr.com/5788/22672290890_26cf41cd24_s.jpg]
[farm1.staticflickr.com/602/22734205855_83535bc9d3.jpg]
[farm1.staticflickr.com/602/22734205855_83535bc9d3_s.jpg]
[farm6.staticflickr.com/5724/22659646605_70ac2d29ae.jpg]
[farm6.staticflickr.com/5724/22659646605_70ac2d29ae_s.jpg]
[html.meetup.templaza.net/js/library/jquery.flexslider-min.js]
[html.meetup.templaza.net/js/blog.js]
[html.meetup.templaza.net/detail-blog.html]
[html.meetup.templaza.net/images/blog-5.jpg]
[html.meetup.templaza.net/slider-blog.html]
[html.meetup.templaza.net/video-blog.html]
[html.meetup.templaza.net/audio-blog.html]
[html.meetup.templaza.net/images/blog-quote.jpg]
[html.meetup.templaza.net/blog.html]
[html.meetup.templaza.net/fonts/glyphicons-halflings-regular.html]
[html.meetup.templaza.net/fonts/glyphicons-halflings-regulard41d.html]
[html.meetup.templaza.net/fonts/glyphicons-halflings-regular-2.html]
[html.meetup.templaza.net/fonts/glyphicons-halflings-regular-3.html]
[html.meetup.templaza.net/fonts/glyphicons-halflings-regular-4.html]
[html.meetup.templaza.net/fonts/glyphicons-halflings-regular-5.html]
[html.meetup.templaza.net/fonts/fontawesome-webfont3295.svg]
[html.meetup.templaza.net/css/owl.video.play.html]
[html.meetup.templaza.net/fonts/flexslider-icon.svg]
[html.meetup.templaza.net/home-header.html]
[html.meetup.templaza.net/images/speakers/speakers_4.jpg]
[html.meetup.templaza.net/images/speakers/speakers.jpg]
[html.meetup.templaza.net/images/speakers/speakers_9.jpg]
[html.meetup.templaza.net/images/speakers/speakers_1.jpg]
[html.meetup.templaza.net/images/speakers/speakers_6.jpg]
[html.meetup.templaza.net/images/speakers/speakers_10.jpg]
[html.meetup.templaza.net/images/speakers/speakers_3.jpg]
[html.meetup.templaza.net/images/speakers/speakers_7.jpg]
[html.meetup.templaza.net/images/speakers/speakers_11.jpg]
[html.meetup.templaza.net/images/speakers/speakers_2.jpg]
[html.meetup.templaza.net/images/speakers/speakers_8.jpg]
[html.meetup.templaza.net/images/speakers/speakers_12.jpg]
[html.meetup.templaza.net/speakers.html]
[html.meetup.templaza.net/blog-full-width.html]
[html.meetup.templaza.net/images/blog-masory/meeting-2.jpg]
[html.meetup.templaza.net/images/blog-masory/meeting-3.jpg]
[html.meetup.templaza.net/images/blog-masory/meeting-4.jpg]
[html.meetup.templaza.net/js/blog-masory.js]
[html.meetup.templaza.net/blog-masory.html]
[html.meetup.templaza.net/contact.html]
[html.meetup.templaza.net/images/people-office-group-team.jpg]
[html.meetup.templaza.net/typography.html]
[html.meetup.templaza.net/fonts/linea-arrows/fonts/linea-arrows-10.eot]
[html.meetup.templaza.net/fonts/linea-arrows/fonts/linea-arrows-10d41d.eot]
[html.meetup.templaza.net/fonts/linea-arrows/fonts/linea-arrows-10.woff]
[html.meetup.templaza.net/fonts/linea-arrows/fonts/linea-arrows-10.ttf]
[html.meetup.templaza.net/fonts/linea-arrows/styles.css]
[html.meetup.templaza.net/js/library/jpreloader.min.html]
[html.meetup.templaza.net/fonts/linea-arrows/fonts/linea-arrows-10.svg]
[wordpress.templaza.net/wp-maniva/meetup/wp-content/uploads/2015/09/line-text1.jpg]
